[0.917s] Invoking command in '/home/wateen/Desktop/ROS_project/src/robo': DEBUGINFOD_URLS=https://debuginfod.ubuntu.com PYTHONPATH=/home/wateen/Desktop/ROS_project/build/robo/prefix_override:/usr/lib/python3/dist-packages/colcon_core/task/python/colcon_distutils_commands:/home/wateen/Desktop/ROS_project/install/robo/lib/python3.12/site-packages:${PYTHONPATH} /usr/bin/python3 -W ignore:setup.py install is deprecated -W ignore:easy_install command is deprecated setup.py egg_info --egg-base ../../build/robo build --build-base /home/wateen/Desktop/ROS_project/build/robo/build install --record /home/wateen/Desktop/ROS_project/build/robo/install.log --single-version-externally-managed install_data
[1.250s] running egg_info
[1.250s] creating ../../build/robo/robo.egg-info
[1.280s] writing ../../build/robo/robo.egg-info/PKG-INFO
[1.280s] writing dependency_links to ../../build/robo/robo.egg-info/dependency_links.txt
[1.280s] writing requirements to ../../build/robo/robo.egg-info/requires.txt
[1.280s] writing top-level names to ../../build/robo/robo.egg-info/top_level.txt
[1.280s] writing manifest file '../../build/robo/robo.egg-info/SOURCES.txt'
[1.347s] reading manifest file '../../build/robo/robo.egg-info/SOURCES.txt'
[1.347s] adding license file 'LICENSE'
[1.348s] writing manifest file '../../build/robo/robo.egg-info/SOURCES.txt'
[1.348s] running build
[1.348s] running build_py
[1.348s] creating /home/wateen/Desktop/ROS_project/build/robo/build
[1.348s] creating /home/wateen/Desktop/ROS_project/build/robo/build/lib
[1.348s] creating /home/wateen/Desktop/ROS_project/build/robo/build/lib/robo
[1.348s] copying robo/__init__.py -> /home/wateen/Desktop/ROS_project/build/robo/build/lib/robo
[1.348s] running install
[1.354s] running install_lib
[1.383s] creating /home/wateen/Desktop/ROS_project/install/robo/lib/python3.12/site-packages/robo
[1.383s] copying /home/wateen/Desktop/ROS_project/build/robo/build/lib/robo/__init__.py -> /home/wateen/Desktop/ROS_project/install/robo/lib/python3.12/site-packages/robo
[1.384s] byte-compiling /home/wateen/Desktop/ROS_project/install/robo/lib/python3.12/site-packages/robo/__init__.py to __init__.cpython-312.pyc
[1.384s] running install_data
[1.384s] creating /home/wateen/Desktop/ROS_project/install/robo/share/ament_index
[1.384s] creating /home/wateen/Desktop/ROS_project/install/robo/share/ament_index/resource_index
[1.384s] creating /home/wateen/Desktop/ROS_project/install/robo/share/ament_index/resource_index/packages
[1.384s] copying resource/robo -> /home/wateen/Desktop/ROS_project/install/robo/share/ament_index/resource_index/packages
[1.384s] copying package.xml -> /home/wateen/Desktop/ROS_project/install/robo/share/robo
[1.385s] creating /home/wateen/Desktop/ROS_project/install/robo/share/robo/launch
[1.385s] copying launch/spawn.launch.py -> /home/wateen/Desktop/ROS_project/install/robo/share/robo/launch
[1.385s] creating /home/wateen/Desktop/ROS_project/install/robo/share/robo/urdf
[1.385s] copying urdf/robot.urdf -> /home/wateen/Desktop/ROS_project/install/robo/share/robo/urdf
[1.385s] running install_egg_info
[1.417s] Copying ../../build/robo/robo.egg-info to /home/wateen/Desktop/ROS_project/install/robo/lib/python3.12/site-packages/robo-0.0.0-py3.12.egg-info
[1.417s] running install_scripts
[1.595s] writing list of installed files to '/home/wateen/Desktop/ROS_project/build/robo/install.log'
[1.619s] Invoked command in '/home/wateen/Desktop/ROS_project/src/robo' returned '0': DEBUGINFOD_URLS=https://debuginfod.ubuntu.com PYTHONPATH=/home/wateen/Desktop/ROS_project/build/robo/prefix_override:/usr/lib/python3/dist-packages/colcon_core/task/python/colcon_distutils_commands:/home/wateen/Desktop/ROS_project/install/robo/lib/python3.12/site-packages:${PYTHONPATH} /usr/bin/python3 -W ignore:setup.py install is deprecated -W ignore:easy_install command is deprecated setup.py egg_info --egg-base ../../build/robo build --build-base /home/wateen/Desktop/ROS_project/build/robo/build install --record /home/wateen/Desktop/ROS_project/build/robo/install.log --single-version-externally-managed install_data
